{
  "status": "incomplete_requires_review",
  "bubble": {
    "standard": {
      "run_status": "running_unvalidated",
      "comparison_end_s": 0.004843612771036544,
      "full_interval": false,
      "nrmse": 0.0002709884091689247,
      "max_error_m_s": 6.904251540903843e-05,
      "area_drift": 5.551115123125783e-16,
      "phi_min": 2.380187982290994e-14,
      "phi_max": 1.000000000003702,
      "max_divergence_per_s": 3.0372715542625883e-07,
      "source_sha256": "1a00ed5d3b2e7051a17239f992e0453c461c5e0e6bdf51cef10c5573f66c38e5",
      "history_sha256": "014c20f4e6ee7182f9ee069df27a3667628674727820e9a960c7e71f52721a0e",
      "reference_sha256": "ace7ab93c835fd3daf588932e9ae121ba818846756d66a82a0812a210c41ab1c"
    },
    "weak": {
      "run_status": "completed_unvalidated",
      "comparison_end_s": 0.07,
      "full_interval": true,
      "nrmse": 0.0019251379787282939,
      "max_error_m_s": 0.001709878695660444,
      "area_drift": 1.5543122344752192e-15,
      "phi_min": 2.5701663020072374e-14,
      "phi_max": 1.0054127458239384,
      "max_divergence_per_s": 188.1376049003772,
      "source_sha256": "1a00ed5d3b2e7051a17239f992e0453c461c5e0e6bdf51cef10c5573f66c38e5",
      "history_sha256": "bacdd5bb481774014a58276b2c15bce4f0717032c511c478d284d2aa79f8ca41",
      "reference_sha256": "657feaf271835d97f5e0d2fbc87ecf4d2890b95dfe048ed36a4384603ee9d7dc"
    },
    "proposed": {
      "run_status": "running_unvalidated",
      "comparison_end_s": 0.05257388736401438,
      "full_interval": false,
      "nrmse": 0.0008148863436566648,
      "max_error_m_s": 0.00035817227642453986,
      "area_drift": 4.440892098500626e-16,
      "phi_min": 2.4659952334949023e-14,
      "phi_max": 1.00069883883918,
      "max_divergence_per_s": 1.2130440097735118e-05,
      "source_sha256": "1a00ed5d3b2e7051a17239f992e0453c461c5e0e6bdf51cef10c5573f66c38e5",
      "history_sha256": "68bffc12832666dddf17762671631ce30b499d6c750ab47503eea469d62abfdf",
      "reference_sha256": "2791077cc9f3e1090680de3b240f36ee90332cd21463c108038eb9d3e0e864fe"
    }
  },
  "static": {
    "static-halfdt, nx=256": {
      "time": 0.001,
      "pressure_jump_Pa": 58.39335867238939,
      "relative_jump_error": 0.013773588062315892,
      "max_face_speed": 0.005461467264122205,
      "gas_area_drift": -5.16010585979417e-16,
      "divergence_linf": 4.9747871044836245e-08,
      "phi_min": 2.608888871329443e-14,
      "phi_max": 1.0000000000019698
    },
    "static-local, nx=128": {
      "time": 0.001,
      "pressure_jump_Pa": 58.681928483816286,
      "relative_jump_error": 0.01878348062181062,
      "max_face_speed": 0.003315592486170412,
      "gas_area_drift": 1.7036674403763672e-16,
      "divergence_linf": 1.1621988837973163e-07,
      "phi_min": 2.2932482072147744e-07,
      "phi_max": 1.000000000004166
    },
    "static-local, nx=256": {
      "time": 0.001,
      "pressure_jump_Pa": 58.393188864217606,
      "relative_jump_error": 0.013770640003777986,
      "max_face_speed": 0.005463892745166778,
      "gas_area_drift": 0.0,
      "divergence_linf": 4.8230847982111413e-08,
      "phi_min": 2.6088234411959022e-14,
      "phi_max": 1.0000000000020475
    },
    "static-local, nx=64": {
      "time": 0.001,
      "pressure_jump_Pa": 59.92214055509115,
      "relative_jump_error": 0.04031494019255474,
      "max_face_speed": 0.006070009552530826,
      "gas_area_drift": -1.6412134787779557e-16,
      "divergence_linf": 6.023395471288495e-08,
      "phi_min": 0.0006830004702079657,
      "phi_max": 1.0000000000049625
    },
    "static-tight, nx=256": {
      "time": 0.001,
      "pressure_jump_Pa": 58.39318983523409,
      "relative_jump_error": 0.013770656861703041,
      "max_face_speed": 0.005463892745022268,
      "gas_area_drift": 2.4080494012372793e-15,
      "divergence_linf": 5.487550414073894e-10,
      "phi_min": 2.6088234411848926e-14,
      "phi_max": 1.000000000000019
    }
  }
}
