{
  "grid_128_256": {
    "runs": [
      "bubble-proposed-128",
      "bubble-proposed-initial"
    ],
    "end_s": 0.07,
    "full_interval": true,
    "rms_difference_m_s": 0.00413944972047886,
    "max_difference_m_s": 0.006243840577373511,
    "source_hashes": [
      "0bba56f1dec34aa39b2e2f9e7cc5631f8c764c3fd1d0bd622a637d85335e2076",
      "1a00ed5d3b2e7051a17239f992e0453c461c5e0e6bdf51cef10c5573f66c38e5"
    ],
    "note": "No Richardson/GCI estimate; epsilon=dx changes with the grid."
  },
  "time_15_30": {
    "runs": [
      "bubble-proposed-factor15",
      "bubble-proposed-initial"
    ],
    "end_s": 0.01752462912133813,
    "full_interval": false,
    "rms_difference_m_s": 0.00015250239090137976,
    "max_difference_m_s": 0.0002141044253082397,
    "source_hashes": [
      "0bba56f1dec34aa39b2e2f9e7cc5631f8c764c3fd1d0bd622a637d85335e2076",
      "1a00ed5d3b2e7051a17239f992e0453c461c5e0e6bdf51cef10c5573f66c38e5"
    ],
    "note": "No Richardson/GCI estimate; epsilon=dx changes with the grid."
  },
  "backend_jacobi_multigrid": {
    "runs": [
      "bubble-standard-initial",
      "bubble-standard-mg"
    ],
    "end_s": 0.006166073209359811,
    "full_interval": false,
    "rms_difference_m_s": 2.1521257463672296e-12,
    "max_difference_m_s": 6.783430154394532e-12,
    "source_hashes": [
      "1a00ed5d3b2e7051a17239f992e0453c461c5e0e6bdf51cef10c5573f66c38e5",
      "0bba56f1dec34aa39b2e2f9e7cc5631f8c764c3fd1d0bd622a637d85335e2076"
    ],
    "note": "No Richardson/GCI estimate; epsilon=dx changes with the grid."
  }
}

