Precompiling packages...
  65632.1 ms  ✓ Pkg (serial)
  1 dependency successfully precompiled in 66 seconds
    Updating `~/workspace/weakly-compressible-subcycling-reproduction/Project.toml`
  [37e2e46d] ~ LinearAlgebra ⇒ v1.12.0
  [de0858da] ~ Printf ⇒ v1.11.0
  [ea8e919c] ~ SHA ⇒ v0.7.0
  [fa267f1f] ~ TOML ⇒ v1.0.3
    Updating `~/workspace/weakly-compressible-subcycling-reproduction/Manifest.toml`
  [56f22d72] + Artifacts v1.11.0
  [ade2ca70] + Dates v1.11.0
  [8f399da3] + Libdl v1.11.0
  [37e2e46d] ~ LinearAlgebra ⇒ v1.12.0
  [de0858da] ~ Printf ⇒ v1.11.0
  [ea8e919c] ~ SHA ⇒ v0.7.0
  [fa267f1f] ~ TOML ⇒ v1.0.3
  [4ec0a83e] + Unicode v1.11.0
  [e66e0078] + CompilerSupportLibraries_jll v1.3.1+2
  [4536629a] + OpenBLAS_jll v0.3.29+0
  [8e850b90] + libblastrampoline_jll v5.15.0+0
