{
  "grid_128_256": {
    "runs": [
      "bubble-proposed-128",
      "bubble-proposed-initial"
    ],
    "end_s": 0.07,
    "full_interval": true,
    "rms_difference_m_s": 0.00413944972047886,
    "max_difference_m_s": 0.006243840577373511,
    "source_hashes": [
      "0bba56f1dec34aa39b2e2f9e7cc5631f8c764c3fd1d0bd622a637d85335e2076",
      "1a00ed5d3b2e7051a17239f992e0453c461c5e0e6bdf51cef10c5573f66c38e5"
    ],
    "note": "No Richardson/GCI estimate; epsilon=dx changes with the grid."
  },
  "time_15_30": {
    "runs": [
      "bubble-proposed-factor15-fixed",
      "bubble-proposed-initial"
    ],
    "end_s": 0.014117062347744607,
    "full_interval": false,
    "rms_difference_m_s": 0.00013478486863905865,
    "max_difference_m_s": 0.00020559838412151366,
    "source_hashes": [
      "f41c3e05228cde0d6260e62a609bb4cf4835e56490001a19aea2ea25e3eedc93",
      "1a00ed5d3b2e7051a17239f992e0453c461c5e0e6bdf51cef10c5573f66c38e5"
    ],
    "note": "No Richardson/GCI estimate; epsilon=dx changes with the grid."
  },
  "roundoff_fix": {
    "runs": [
      "bubble-proposed-factor15",
      "bubble-proposed-factor15-fixed"
    ],
    "end_s": 0.014117062347744607,
    "full_interval": false,
    "rms_difference_m_s": 3.8718257342796945e-10,
    "max_difference_m_s": 9.404538120483252e-10,
    "source_hashes": [
      "0bba56f1dec34aa39b2e2f9e7cc5631f8c764c3fd1d0bd622a637d85335e2076",
      "f41c3e05228cde0d6260e62a609bb4cf4835e56490001a19aea2ea25e3eedc93"
    ],
    "note": "No Richardson/GCI estimate; epsilon=dx changes with the grid."
  },
  "backend_jacobi_multigrid": {
    "runs": [
      "bubble-standard-initial",
      "bubble-standard-mg"
    ],
    "end_s": 0.01532593722694777,
    "full_interval": false,
    "rms_difference_m_s": 2.2998440132331287e-12,
    "max_difference_m_s": 6.747955059310806e-12,
    "source_hashes": [
      "1a00ed5d3b2e7051a17239f992e0453c461c5e0e6bdf51cef10c5573f66c38e5",
      "0bba56f1dec34aa39b2e2f9e7cc5631f8c764c3fd1d0bd622a637d85335e2076"
    ],
    "note": "No Richardson/GCI estimate; epsilon=dx changes with the grid."
  }
}

