{
  "status": "incomplete_requires_review",
  "bubble": {
    "standard": {
      "run_status": "interrupted_after_multigrid_equivalence_check",
      "comparison_end_s": 0.01532593722694777,
      "full_interval": false,
      "nrmse": 0.00039325007931892365,
      "max_error_m_s": 9.908535143636488e-05,
      "area_drift": 5.551115123125783e-16,
      "phi_min": 2.380187982290994e-14,
      "phi_max": 1.000000000009135,
      "max_divergence_per_s": 3.0372715542625883e-07,
      "source_sha256": "1a00ed5d3b2e7051a17239f992e0453c461c5e0e6bdf51cef10c5573f66c38e5",
      "history_sha256": "435a4a68a52fc59e3ef42b7e3fd88ee913ea38d02bdb8dc1812450fa77f490c4",
      "reference_sha256": "ace7ab93c835fd3daf588932e9ae121ba818846756d66a82a0812a210c41ab1c"
    },
    "weak": {
      "run_status": "completed_unvalidated",
      "comparison_end_s": 0.07,
      "full_interval": true,
      "nrmse": 0.0019251379787282939,
      "max_error_m_s": 0.001709878695660444,
      "area_drift": 1.5543122344752192e-15,
      "phi_min": 2.5701663020072374e-14,
      "phi_max": 1.0054127458239384,
      "max_divergence_per_s": 188.1376049003772,
      "source_sha256": "1a00ed5d3b2e7051a17239f992e0453c461c5e0e6bdf51cef10c5573f66c38e5",
      "history_sha256": "bacdd5bb481774014a58276b2c15bce4f0717032c511c478d284d2aa79f8ca41",
      "reference_sha256": "657feaf271835d97f5e0d2fbc87ecf4d2890b95dfe048ed36a4384603ee9d7dc"
    },
    "proposed": {
      "run_status": "completed_unvalidated",
      "comparison_end_s": 0.07,
      "full_interval": true,
      "nrmse": 0.002088373063488027,
      "max_error_m_s": 0.0011080868477059136,
      "area_drift": 4.440892098500626e-16,
      "phi_min": 2.4659952334949023e-14,
      "phi_max": 1.0007084845713972,
      "max_divergence_per_s": 1.2130440097735118e-05,
      "source_sha256": "1a00ed5d3b2e7051a17239f992e0453c461c5e0e6bdf51cef10c5573f66c38e5",
      "history_sha256": "9b043bd0cba75521283dc0077c1dbea1e7c547df0700c4ec530bd7c18ef2e953",
      "reference_sha256": "2791077cc9f3e1090680de3b240f36ee90332cd21463c108038eb9d3e0e864fe"
    }
  },
  "static": {
    "static-fine-fixed, nx=512": {
      "time": 0.001,
      "pressure_jump_Pa": 58.33124207400472,
      "relative_jump_error": 0.01269517489591538,
      "max_face_speed": 0.008025079624429754,
      "gas_area_drift": 2.931100064269759e-15,
      "divergence_linf": 1.762029107066354e-07,
      "phi_min": 3.764272507695936e-60,
      "phi_max": 1.0000000000030054
    },
    "static-halfdt, nx=256": {
      "time": 0.001,
      "pressure_jump_Pa": 58.39335867238939,
      "relative_jump_error": 0.013773588062315892,
      "max_face_speed": 0.005461467264122205,
      "gas_area_drift": -5.16010585979417e-16,
      "divergence_linf": 4.9747871044836245e-08,
      "phi_min": 2.608888871329443e-14,
      "phi_max": 1.0000000000019698
    },
    "static-local, nx=128": {
      "time": 0.001,
      "pressure_jump_Pa": 58.681928483816286,
      "relative_jump_error": 0.01878348062181062,
      "max_face_speed": 0.003315592486170412,
      "gas_area_drift": 1.7036674403763672e-16,
      "divergence_linf": 1.1621988837973163e-07,
      "phi_min": 2.2932482072147744e-07,
      "phi_max": 1.000000000004166
    },
    "static-local, nx=256": {
      "time": 0.001,
      "pressure_jump_Pa": 58.393188864217606,
      "relative_jump_error": 0.013770640003777986,
      "max_face_speed": 0.005463892745166778,
      "gas_area_drift": 0.0,
      "divergence_linf": 4.8230847982111413e-08,
      "phi_min": 2.6088234411959022e-14,
      "phi_max": 1.0000000000020475
    },
    "static-local, nx=64": {
      "time": 0.001,
      "pressure_jump_Pa": 59.92214055509115,
      "relative_jump_error": 0.04031494019255474,
      "max_face_speed": 0.006070009552530826,
      "gas_area_drift": -1.6412134787779557e-16,
      "divergence_linf": 6.023395471288495e-08,
      "phi_min": 0.0006830004702079657,
      "phi_max": 1.0000000000049625
    },
    "static-long, nx=256": {
      "time": 0.01,
      "pressure_jump_Pa": 58.383073599444614,
      "relative_jump_error": 0.013595027768135766,
      "max_face_speed": 0.005322239155587672,
      "gas_area_drift": 1.2969066060949346e-13,
      "divergence_linf": 8.93346896457814e-08,
      "phi_min": 2.964772093430268e-14,
      "phi_max": 1.000000000003846
    },
    "static-tight, nx=256": {
      "time": 0.001,
      "pressure_jump_Pa": 58.39318983523409,
      "relative_jump_error": 0.013770656861703041,
      "max_face_speed": 0.005463892745022268,
      "gas_area_drift": 2.4080494012372793e-15,
      "divergence_linf": 5.487550414073894e-10,
      "phi_min": 2.6088234411848926e-14,
      "phi_max": 1.000000000000019
    }
  }
}
