nx,contact_angle_degrees,central_curvature,fluid_side_curvature,expected_curvature
ERROR: LoadError: Ill-conditioned fluid-side boundary stencil
Stacktrace:
 [1] error(s::String)
   @ Base ./error.jl:44
 [2] boundary_fits(g::CutGeometry; radius::Int64)
   @ Main.PorousMedia ~/workspace/weakly-compressible-subcycling-reproduction/porous/src/BoundaryCurvature.jl:22
 [3] boundary_fits
   @ ~/workspace/weakly-compressible-subcycling-reproduction/porous/src/BoundaryCurvature.jl:10 [inlined]
 [4] main()
   @ Main ~/workspace/weakly-compressible-subcycling-reproduction/porous/validate_curved_contact.jl:35
 [5] top-level scope
   @ ~/workspace/weakly-compressible-subcycling-reproduction/porous/validate_curved_contact.jl:40
 [6] include(mod::Module, _path::String)
   @ Base ./Base.jl:306
 [7] exec_options(opts::Base.JLOptions)
   @ Base ./client.jl:317
 [8] _start()
   @ Base ./client.jl:550
in expression starting at /home/uh488080/workspace/weakly-compressible-subcycling-reproduction/porous/validate_curved_contact.jl:40
